{
  "version": "1.5.0",
  "plugins_used": [
    {
      "name": "ArtifactoryDetector"
    },
    {
      "name": "AWSKeyDetector"
    },
    {
      "name": "AzureStorageKeyDetector"
    },
    {
      "name": "Base64HighEntropyString",
      "limit": 4.5
    },
    {
      "name": "BasicAuthDetector"
    },
    {
      "name": "CloudantDetector"
    },
    {
      "name": "DiscordBotTokenDetector"
    },
    {
      "name": "GitHubTokenDetector"
    },
    {
      "name": "GitLabTokenDetector"
    },
    {
      "name": "HexHighEntropyString",
      "limit": 3.0
    },
    {
      "name": "IbmCloudIamDetector"
    },
    {
      "name": "IbmCosHmacDetector"
    },
    {
      "name": "IPPublicDetector"
    },
    {
      "name": "JwtTokenDetector"
    },
    {
      "name": "KeywordDetector",
      "keyword_exclude": ""
    },
    {
      "name": "MailchimpDetector"
    },
    {
      "name": "NpmDetector"
    },
    {
      "name": "OpenAIDetector"
    },
    {
      "name": "PrivateKeyDetector"
    },
    {
      "name": "PypiTokenDetector"
    },
    {
      "name": "SendGridDetector"
    },
    {
      "name": "SlackDetector"
    },
    {
      "name": "SoftlayerDetector"
    },
    {
      "name": "SquareOAuthDetector"
    },
    {
      "name": "StripeDetector"
    },
    {
      "name": "TelegramBotTokenDetector"
    },
    {
      "name": "TwilioKeyDetector"
    }
  ],
  "filters_used": [
    {
      "path": "detect_secrets.filters.allowlist.is_line_allowlisted"
    },
    {
      "path": "detect_secrets.filters.common.is_ignored_due_to_verification_policies",
      "min_level": 2
    },
    {
      "path": "detect_secrets.filters.heuristic.is_indirect_reference"
    },
    {
      "path": "detect_secrets.filters.heuristic.is_likely_id_string"
    },
    {
      "path": "detect_secrets.filters.heuristic.is_lock_file"
    },
    {
      "path": "detect_secrets.filters.heuristic.is_not_alphanumeric_string"
    },
    {
      "path": "detect_secrets.filters.heuristic.is_potential_uuid"
    },
    {
      "path": "detect_secrets.filters.heuristic.is_prefixed_with_dollar_sign"
    },
    {
      "path": "detect_secrets.filters.heuristic.is_sequential_string"
    },
    {
      "path": "detect_secrets.filters.heuristic.is_swagger_file"
    },
    {
      "path": "detect_secrets.filters.heuristic.is_templated_secret"
    }
  ],
  "results": {
    "docs/superpowers/plans/2026-08-06-testgen-contract-spine.md": [
      {
        "type": "Hex High Entropy String",
        "filename": "docs/superpowers/plans/2026-08-06-testgen-contract-spine.md",
        "hashed_secret": "244f421f896bdcdd2784dccf4eaf7c8dfd5189b5",
        "is_verified": false,
        "line_number": 4631
      }
    ],
    "tests/fixtures/catalogue-all-declinable.json": [
      {
        "type": "Hex High Entropy String",
        "filename": "tests/fixtures/catalogue-all-declinable.json",
        "hashed_secret": "5ed52235ecb8cecbda8ed8a46165de2e63f940db",
        "is_verified": false,
        "line_number": 19
      },
      {
        "type": "Hex High Entropy String",
        "filename": "tests/fixtures/catalogue-all-declinable.json",
        "hashed_secret": "a117c35942e7c8559b45eca58feea38052aeaed9",
        "is_verified": false,
        "line_number": 57
      },
      {
        "type": "Hex High Entropy String",
        "filename": "tests/fixtures/catalogue-all-declinable.json",
        "hashed_secret": "b5ecb996bbc06577fcb2479a06dcfa3d8c318bfd",
        "is_verified": false,
        "line_number": 75
      }
    ],
    "tests/fixtures/catalogue-unsupported-objective.json": [
      {
        "type": "Hex High Entropy String",
        "filename": "tests/fixtures/catalogue-unsupported-objective.json",
        "hashed_secret": "7b0d9acbd1bd7ab9905652ebbef34c5db0178bc1",
        "is_verified": false,
        "line_number": 19
      },
      {
        "type": "Hex High Entropy String",
        "filename": "tests/fixtures/catalogue-unsupported-objective.json",
        "hashed_secret": "cc0ea52816c9b057190cfd5a0468a75f225c12e6",
        "is_verified": false,
        "line_number": 37
      },
      {
        "type": "Hex High Entropy String",
        "filename": "tests/fixtures/catalogue-unsupported-objective.json",
        "hashed_secret": "11625f2815d2e252e6a519cc529fadb4be5960fd",
        "is_verified": false,
        "line_number": 55
      },
      {
        "type": "Hex High Entropy String",
        "filename": "tests/fixtures/catalogue-unsupported-objective.json",
        "hashed_secret": "fbc07f932c3fdf4bea606160d76a93dda4fec033",
        "is_verified": false,
        "line_number": 73
      },
      {
        "type": "Hex High Entropy String",
        "filename": "tests/fixtures/catalogue-unsupported-objective.json",
        "hashed_secret": "363fd0f1bd1d3bdb276c12c60f34ed49ec29d883",
        "is_verified": false,
        "line_number": 91
      }
    ],
    "tests/fixtures/reservation-trajectories/trajectories.json": [
      {
        "type": "Base64 High Entropy String",
        "filename": "tests/fixtures/reservation-trajectories/trajectories.json",
        "hashed_secret": "221141e89f5e5a938a7dba02f8c95c5d4b7ca40d",
        "is_verified": false,
        "line_number": 30
      },
      {
        "type": "Base64 High Entropy String",
        "filename": "tests/fixtures/reservation-trajectories/trajectories.json",
        "hashed_secret": "edaee2ed7b76728cfe4ddb269f57ff5ab018d2a0",
        "is_verified": false,
        "line_number": 35
      },
      {
        "type": "Base64 High Entropy String",
        "filename": "tests/fixtures/reservation-trajectories/trajectories.json",
        "hashed_secret": "c377addfe215d8089aecf5a3166a47c16d2769c8",
        "is_verified": false,
        "line_number": 57
      },
      {
        "type": "Base64 High Entropy String",
        "filename": "tests/fixtures/reservation-trajectories/trajectories.json",
        "hashed_secret": "18f34c203401a058fd2ab8c3e3fa53433583a48b",
        "is_verified": false,
        "line_number": 317
      },
      {
        "type": "Base64 High Entropy String",
        "filename": "tests/fixtures/reservation-trajectories/trajectories.json",
        "hashed_secret": "bfec6e0a2fdc17608b47e69206819182c6e7d858",
        "is_verified": false,
        "line_number": 317
      },
      {
        "type": "Base64 High Entropy String",
        "filename": "tests/fixtures/reservation-trajectories/trajectories.json",
        "hashed_secret": "1cc1cd70f0b805a76bc99aa1da2b88ff017e9db3",
        "is_verified": false,
        "line_number": 698
      },
      {
        "type": "Base64 High Entropy String",
        "filename": "tests/fixtures/reservation-trajectories/trajectories.json",
        "hashed_secret": "73d88e20520b3e8f543813dda6d6e14af553e1df",
        "is_verified": false,
        "line_number": 1057
      },
      {
        "type": "Base64 High Entropy String",
        "filename": "tests/fixtures/reservation-trajectories/trajectories.json",
        "hashed_secret": "7223c6135d20b0eb252140ceaaea676bc7fa7066",
        "is_verified": false,
        "line_number": 1339
      },
      {
        "type": "Base64 High Entropy String",
        "filename": "tests/fixtures/reservation-trajectories/trajectories.json",
        "hashed_secret": "ab6402e631fa79104722386133736f22ceb65d6a",
        "is_verified": false,
        "line_number": 1577
      },
      {
        "type": "Base64 High Entropy String",
        "filename": "tests/fixtures/reservation-trajectories/trajectories.json",
        "hashed_secret": "da81b3f6f095860a2c70dd1c5b727c74498eb629",
        "is_verified": false,
        "line_number": 1859
      },
      {
        "type": "Base64 High Entropy String",
        "filename": "tests/fixtures/reservation-trajectories/trajectories.json",
        "hashed_secret": "d28ecc10829d318dc8c40105e390c6f655a52d95",
        "is_verified": false,
        "line_number": 2119
      },
      {
        "type": "Base64 High Entropy String",
        "filename": "tests/fixtures/reservation-trajectories/trajectories.json",
        "hashed_secret": "9e075c84fbbce269ede5781e3ae77fe7e6cfe7bc",
        "is_verified": false,
        "line_number": 2357
      },
      {
        "type": "Base64 High Entropy String",
        "filename": "tests/fixtures/reservation-trajectories/trajectories.json",
        "hashed_secret": "f31cec7f73952d17bcc020b842c3e11aeb05028a",
        "is_verified": false,
        "line_number": 2639
      }
    ],
    "tests/fixtures/reservation-trajectories/trajectories2.json": [
      {
        "type": "Base64 High Entropy String",
        "filename": "tests/fixtures/reservation-trajectories/trajectories2.json",
        "hashed_secret": "bb548b12a0bce3b05c9f4328240ddb9e82ff2e32",
        "is_verified": false,
        "line_number": 57
      },
      {
        "type": "Base64 High Entropy String",
        "filename": "tests/fixtures/reservation-trajectories/trajectories2.json",
        "hashed_secret": "0add21f0a18109b860ab6d7c78f9c5d8f2624205",
        "is_verified": false,
        "line_number": 317
      },
      {
        "type": "Base64 High Entropy String",
        "filename": "tests/fixtures/reservation-trajectories/trajectories2.json",
        "hashed_secret": "68e0560fc955a9b2cb36de11b1e4e81385f294b6",
        "is_verified": false,
        "line_number": 317
      },
      {
        "type": "Base64 High Entropy String",
        "filename": "tests/fixtures/reservation-trajectories/trajectories2.json",
        "hashed_secret": "38025d4f7ac0f6a840cd37fb56856675e023514c",
        "is_verified": false,
        "line_number": 698
      },
      {
        "type": "Base64 High Entropy String",
        "filename": "tests/fixtures/reservation-trajectories/trajectories2.json",
        "hashed_secret": "ad49e1f155f6aaba1d6416a81a02c04c444daf96",
        "is_verified": false,
        "line_number": 750
      },
      {
        "type": "Base64 High Entropy String",
        "filename": "tests/fixtures/reservation-trajectories/trajectories2.json",
        "hashed_secret": "177530e37d0f6d412412df163ccd3713888fa8a7",
        "is_verified": false,
        "line_number": 871
      },
      {
        "type": "Base64 High Entropy String",
        "filename": "tests/fixtures/reservation-trajectories/trajectories2.json",
        "hashed_secret": "13426659075604c4b6e69184ad46b047f4e68510",
        "is_verified": false,
        "line_number": 1079
      },
      {
        "type": "Base64 High Entropy String",
        "filename": "tests/fixtures/reservation-trajectories/trajectories2.json",
        "hashed_secret": "385fda123306c75d6268d49bb33a0dcff8c82972",
        "is_verified": false,
        "line_number": 1131
      },
      {
        "type": "Base64 High Entropy String",
        "filename": "tests/fixtures/reservation-trajectories/trajectories2.json",
        "hashed_secret": "6c4a873abb72af28b4d2117db0bbf0a7f7f6c662",
        "is_verified": false,
        "line_number": 1339
      },
      {
        "type": "Base64 High Entropy String",
        "filename": "tests/fixtures/reservation-trajectories/trajectories2.json",
        "hashed_secret": "6af127670d60cb3e15ff871ca036ba97a3ee9081",
        "is_verified": false,
        "line_number": 1391
      },
      {
        "type": "Base64 High Entropy String",
        "filename": "tests/fixtures/reservation-trajectories/trajectories2.json",
        "hashed_secret": "35ffa3bd7ae8f54fef6aa57ef48c431344d7a16f",
        "is_verified": false,
        "line_number": 1599
      },
      {
        "type": "Base64 High Entropy String",
        "filename": "tests/fixtures/reservation-trajectories/trajectories2.json",
        "hashed_secret": "c8ac36cbedb40dfabe8d3cbea72661ea5b88a952",
        "is_verified": false,
        "line_number": 1599
      },
      {
        "type": "Base64 High Entropy String",
        "filename": "tests/fixtures/reservation-trajectories/trajectories2.json",
        "hashed_secret": "1f985892755cfa01749e0a50179d20ff81c2af7a",
        "is_verified": false,
        "line_number": 1859
      },
      {
        "type": "Base64 High Entropy String",
        "filename": "tests/fixtures/reservation-trajectories/trajectories2.json",
        "hashed_secret": "2829183531bdaa6b759f7a000bbf1fe18f7dd808",
        "is_verified": false,
        "line_number": 2119
      },
      {
        "type": "Base64 High Entropy String",
        "filename": "tests/fixtures/reservation-trajectories/trajectories2.json",
        "hashed_secret": "3c9d240be0981b32540c3e24a73872e556645e0f",
        "is_verified": false,
        "line_number": 2171
      },
      {
        "type": "Base64 High Entropy String",
        "filename": "tests/fixtures/reservation-trajectories/trajectories2.json",
        "hashed_secret": "16cda6f2b18a9a7a030559a26b0ebcddb01791b2",
        "is_verified": false,
        "line_number": 2379
      },
      {
        "type": "Base64 High Entropy String",
        "filename": "tests/fixtures/reservation-trajectories/trajectories2.json",
        "hashed_secret": "059566059dff2bbdefd296db0136ddaf0ff25311",
        "is_verified": false,
        "line_number": 2431
      },
      {
        "type": "Base64 High Entropy String",
        "filename": "tests/fixtures/reservation-trajectories/trajectories2.json",
        "hashed_secret": "98a76c2db4e99c6e7f3d11818520f31652bf28b7",
        "is_verified": false,
        "line_number": 2639
      },
      {
        "type": "Base64 High Entropy String",
        "filename": "tests/fixtures/reservation-trajectories/trajectories2.json",
        "hashed_secret": "083c3144a2bc24e09f0178cfb6eb86ffe2f17135",
        "is_verified": false,
        "line_number": 2691
      },
      {
        "type": "Base64 High Entropy String",
        "filename": "tests/fixtures/reservation-trajectories/trajectories2.json",
        "hashed_secret": "d90c06772df94ed474c36aa1b945189a86318a02",
        "is_verified": false,
        "line_number": 3159
      },
      {
        "type": "Base64 High Entropy String",
        "filename": "tests/fixtures/reservation-trajectories/trajectories2.json",
        "hashed_secret": "c769a029d8af1328dcab3ac295c74273a437253d",
        "is_verified": false,
        "line_number": 3211
      },
      {
        "type": "Base64 High Entropy String",
        "filename": "tests/fixtures/reservation-trajectories/trajectories2.json",
        "hashed_secret": "c13a5dffadcf5ebf77e8ed1d8f646d95280d4cc0",
        "is_verified": false,
        "line_number": 3419
      },
      {
        "type": "Base64 High Entropy String",
        "filename": "tests/fixtures/reservation-trajectories/trajectories2.json",
        "hashed_secret": "ed23f0f3f6b060b2796b9e2d102761bac1dd4f26",
        "is_verified": false,
        "line_number": 3471
      },
      {
        "type": "Base64 High Entropy String",
        "filename": "tests/fixtures/reservation-trajectories/trajectories2.json",
        "hashed_secret": "16315c7ff41e9910af3452ac2b24f65729cfbf41",
        "is_verified": false,
        "line_number": 3679
      },
      {
        "type": "Base64 High Entropy String",
        "filename": "tests/fixtures/reservation-trajectories/trajectories2.json",
        "hashed_secret": "a4e98fdd1d5cb70054e2b7a0d58a5058f6275249",
        "is_verified": false,
        "line_number": 3818
      },
      {
        "type": "Base64 High Entropy String",
        "filename": "tests/fixtures/reservation-trajectories/trajectories2.json",
        "hashed_secret": "9cd9563600d57e2097d96a9a6715d9239e84d00c",
        "is_verified": false,
        "line_number": 3957
      },
      {
        "type": "Base64 High Entropy String",
        "filename": "tests/fixtures/reservation-trajectories/trajectories2.json",
        "hashed_secret": "8cd95be7ca560acc3cacd59c8706189c61376009",
        "is_verified": false,
        "line_number": 4217
      }
    ],
    "tests/unit/test_intake.py": [
      {
        "type": "Hex High Entropy String",
        "filename": "tests/unit/test_intake.py",
        "hashed_secret": "244f421f896bdcdd2784dccf4eaf7c8dfd5189b5",
        "is_verified": false,
        "line_number": 69
      }
    ]
  },
  "generated_at": "2026-09-10T07:27:18Z"
}
